[shreethemes.in/hously/dashboard/index.html]
[backblue.gif]
[fade.gif]
[index.html]
[shreethemes.in/hously/dashboard/assets/images/favicon.ico]
[shreethemes.in/hously/dashboard/assets/libs/jsvectormap/jsvectormap.min.css]
[shreethemes.in/hously/dashboard/assets/libs/simplebar/simplebar.min.css]
[shreethemes.in/hously/dashboard/assets/css/tailwind.min.css]
[shreethemes.in/hously/dashboard/assets/libs/@mdi/font/css/materialdesignicons.min.css]
[shreethemes.in/hously/dashboard/assets/images/logo-light.png]
[shreethemes.in/hously/dashboard/explore-property.html]
[shreethemes.in/hously/dashboard/favorite-property.html]
[shreethemes.in/hously/dashboard/add-property.html]
[shreethemes.in/hously/dashboard/chat.html]
[shreethemes.in/hously/dashboard/profile.html]
[shreethemes.in/hously/dashboard/profile-setting.html]
[shreethemes.in/hously/dashboard/blog.html]
[shreethemes.in/hously/dashboard/blog-detail.html]
[shreethemes.in/hously/dashboard/starter.html]
[shreethemes.in/hously/dashboard/faqs.html]
[shreethemes.in/hously/dashboard/pricing.html]
[shreethemes.in/hously/dashboard/review.html]
[shreethemes.in/hously/dashboard/privacy.html]
[shreethemes.in/hously/dashboard/terms.html]
[shreethemes.in/hously/dashboard/login.html]
[shreethemes.in/hously/dashboard/signup.html]
[shreethemes.in/hously/dashboard/signup-success.html]
[shreethemes.in/hously/dashboard/reset-password.html]
[shreethemes.in/hously/dashboard/lock-screen.html]
[shreethemes.in/hously/dashboard/comingsoon.html]
[shreethemes.in/hously/dashboard/maintenance.html]
[shreethemes.in/hously/dashboard/error.html]
[shreethemes.in/hously/dashboard/thankyou.html]
[shreethemes.in/hously/dashboard/assets/images/logo-icon-32.png]
[shreethemes.in/hously/dashboard/assets/images/logo-dark.png]
[shreethemes.in/hously/dashboard/assets/images/flags/usa.png]
[shreethemes.in/hously/dashboard/assets/images/flags/germany.png]
[shreethemes.in/hously/dashboard/assets/images/flags/italy.png]
[shreethemes.in/hously/dashboard/assets/images/flags/russia.png]
[shreethemes.in/hously/dashboard/assets/images/flags/spain.png]
[shreethemes.in/hously/dashboard/assets/images/client/04.jpg]
[shreethemes.in/hously/dashboard/assets/images/client/05.jpg]
[shreethemes.in/hously/dashboard/assets/images/client/07.jpg]
[shreethemes.in/hously/dashboard/assets/images/property/1.jpg]
[shreethemes.in/hously/dashboard/assets/images/property/2.jpg]
[shreethemes.in/hously/dashboard/assets/images/property/3.jpg]
[shreethemes.in/hously/dashboard/assets/images/property/4.jpg]
[shreethemes.in/hously/dashboard/assets/images/property/5.jpg]
[shreethemes.in/hously/dashboard/assets/libs/jsvectormap/jsvectormap.min.js]
[shreethemes.in/hously/dashboard/assets/libs/jsvectormap/maps/world.js]
[shreethemes.in/hously/dashboard/assets/js/jsvectormap.init.js]
[shreethemes.in/hously/dashboard/assets/libs/feather-icons/feather.min.js]
[shreethemes.in/hously/dashboard/assets/libs/simplebar/simplebar.min.js]
[shreethemes.in/hously/dashboard/assets/js/plugins.init.js]
[shreethemes.in/hously/dashboard/assets/js/app.js]
[shreethemes.in/hously/dashboard/index.html]
[shreethemes.in/hously/dashboard/assets/libs/jsvectormap/jsvectormap.min.css]
[shreethemes.in/hously/dashboard/assets/libs/simplebar/simplebar.min.css]
[shreethemes.in/hously/dashboard/assets/libs/@mdi/font/fonts/materialdesignicons-webfont6937.eot]
[shreethemes.in/hously/dashboard/assets/libs/apexcharts/apexcharts.min.js]
[shreethemes.in/hously/dashboard/assets/libs/@mdi/font/fonts/materialdesignicons-webfontd41d.eot]
[shreethemes.in/hously/dashboard/assets/libs/@mdi/font/fonts/materialdesignicons-webfont6937.woff2]
[shreethemes.in/hously/dashboard/assets/libs/@mdi/font/fonts/materialdesignicons-webfont6937.woff]
[shreethemes.in/hously/dashboard/assets/libs/@mdi/font/fonts/materialdesignicons-webfont6937.ttf]
[shreethemes.in/hously/dashboard/assets/libs/@mdi/font/css/materialdesignicons.min.css]
[shreethemes.in/hously/dashboard/assets/images/01.jpg]
[shreethemes.in/hously/dashboard/assets/css/tailwind.min.css]
[shreethemes.in/hously/dashboard/property-detail.html]
[shreethemes.in/hously/dashboard/assets/images/property/6.jpg]
[shreethemes.in/hously/dashboard/assets/images/property/7.jpg]
[shreethemes.in/hously/dashboard/assets/images/property/8.jpg]
[shreethemes.in/hously/dashboard/assets/images/property/9.jpg]
[shreethemes.in/hously/dashboard/assets/images/property/10.jpg]
[shreethemes.in/hously/dashboard/assets/images/property/11.jpg]
[shreethemes.in/hously/dashboard/assets/images/property/12.jpg]
[shreethemes.in/hously/dashboard/explore-property.html]
[shreethemes.in/hously/dashboard/favorite-property.html]
[shreethemes.in/hously/dashboard/add-property.html]
[shreethemes.in/hously/dashboard/assets/images/client/09.jpg]
[shreethemes.in/hously/dashboard/assets/images/client/01.jpg]
[shreethemes.in/hously/dashboard/assets/images/client/03.jpg]
[shreethemes.in/hously/dashboard/assets/images/client/11.jpg]
[shreethemes.in/hously/dashboard/assets/images/client/12.jpg]
[shreethemes.in/hously/dashboard/assets/images/client/13.jpg]
[shreethemes.in/hously/dashboard/assets/images/client/06.jpg]
[shreethemes.in/hously/dashboard/assets/images/client/10.jpg]
[shreethemes.in/hously/dashboard/assets/images/client/08.jpg]
[shreethemes.in/hously/dashboard/chat.html]
[shreethemes.in/hously/dashboard/assets/libs/tobii/css/tobii.min.css]
[shreethemes.in/hously/dashboard/assets/images/bg.jpg]
[shreethemes.in/hously/dashboard/assets/libs/tobii/js/tobii.min.js]
[shreethemes.in/hously/dashboard/profile.html]
[shreethemes.in/hously/dashboard/profile-setting.html]
[shreethemes.in/hously/dashboard/blog.html]
[shreethemes.in/hously/dashboard/blog-detail.html]
[shreethemes.in/hously/dashboard/starter.html]
[shreethemes.in/hously/dashboard/faqs.html]
[shreethemes.in/hously/dashboard/pricing.html]
[shreethemes.in/hously/dashboard/assets/images/client/02.jpg]
[shreethemes.in/hously/dashboard/assets/libs/shufflejs/shuffle.min.js]
[shreethemes.in/hously/dashboard/review.html]
[shreethemes.in/hously/dashboard/privacy.html]
[shreethemes.in/hously/dashboard/terms.html]
[shreethemes.in/hously/dashboard/login.html]
[shreethemes.in/hously/dashboard/signup.html]
[shreethemes.in/hously/dashboard/signup-success.html]
[shreethemes.in/hously/dashboard/reset-password.html]
[shreethemes.in/hously/dashboard/lock-screen.html]
[shreethemes.in/hously/dashboard/assets/images/logo-icon-64.png]
[shreethemes.in/hously/dashboard/comingsoon.html]
[shreethemes.in/hously/dashboard/maintenance.html]
[shreethemes.in/hously/dashboard/assets/images/error.png]
[shreethemes.in/hously/dashboard/error.html]
[shreethemes.in/hously/dashboard/thankyou.html]
[shreethemes.in/hously/dashboard/assets/images/property/single/1.jpg]
[shreethemes.in/hously/dashboard/assets/images/property/single/2.jpg]
[shreethemes.in/hously/dashboard/assets/images/property/single/3.jpg]
[shreethemes.in/hously/dashboard/assets/images/property/single/4.jpg]
[shreethemes.in/hously/dashboard/assets/images/property/single/5.jpg]
[shreethemes.in/hously/dashboard/property-detail.html]
[shreethemes.in/hously/dashboard/assets/libs/tobii/css/tobii.min.css]
[shreethemes.in/assets/images/01.html]
[shreethemes.in/hously/dashboard/assets/libs/tiny-slider/tiny-slider.html]
[shreethemes.in/hously/dashboard/assets/libs/tiny-slider/min/tiny-slider.html]
[shreethemes.in/hously/dashboard/assets/libs/particles.js/particles.html]
[shreethemes.in/hously/dashboard/contact.html]
